// Jest Snapshot v1, https://goo.gl/fbAQLP

exports[`<LoginScreen> Tests should match snapshot 1`] = `
Array [
  <h2
    className="auth__title mb-20"
  >
    Hello
  </h2>,
  <form
    className="animate__animated animate__fadeIn animate__faster"
    onSubmit={[Function]}
  >
    <input
      autoComplete="off"
      className="auth__input"
      id="input_email"
      name="email"
      onChange={[Function]}
      placeholder="Email"
      type="email"
      value=""
    />
    <input
      className="auth__input"
      id="input_pass"
      name="password"
      onChange={[Function]}
      placeholder="Password"
      type="password"
      value=""
    />
    <button
      className="btn btn-primary btn-block mb-5"
      disabled={false}
      type="submit"
    >
      Log In
    </button>
    <small>
      <a
        className="link"
        href="/auth/register"
        onClick={[Function]}
      >
        New account
      </a>
    </small>
    <div
      className="auth__social-net mt-20"
    >
      <div
        className="google-btn"
        onClick={[Function]}
      >
        <div
          className="google-icon-wrapper"
        >
          <img
            alt="google button"
            className="google-icon"
            src="https://upload.wikimedia.org/wikipedia/commons/5/53/Google_%22G%22_Logo.svg"
          />
        </div>
        <p
          className="btn-text"
        >
          <b>
            Sign in with Google
          </b>
        </p>
      </div>
    </div>
  </form>,
]
`;
