// Jest Snapshot v1, https://goo.gl/fbAQLP

exports[`<NotesScreen /> Tests should match snapshot 1`] = `
<div
  className="notes__main"
>
  <div
    className="notes__bar"
  >
    <span>
      Wed Dec 30 2020
    </span>
    <input
      id="file_selector"
      onChange={[Function]}
      style={
        Object {
          "display": "none",
        }
      }
      type="file"
    />
    <div>
      <button
        className="btn"
        onClick={[Function]}
      >
        Picture
      </button>
      <button
        className="btn"
        onClick={[Function]}
      >
        Save
      </button>
    </div>
  </div>
  <div
    className="notes__content"
  >
    <input
      autoComplete="off"
      className="notes__title"
      name="title"
      onChange={[Function]}
      placeholder="My title"
      type="text"
      value="notetitle"
    />
    <textarea
      className="notes__textarea"
      name="body"
      onChange={[Function]}
      placeholder="A description of my day..."
      value="notebody"
    />
  </div>
  <button
    className="btn btn-danger"
    onClick={[Function]}
  >
    Delete
  </button>
</div>
`;
