// Jest Snapshot v1, https://goo.gl/fbAQLP

exports[`<Sidebar /> Tests should match snapshot 1`] = `
<aside
  className="journal__sidebar"
>
  <div
    className="journal__sidebar-nav"
  >
    <h3
      className="mt-20"
    >
      <i
        className="far fa-moon"
      />
      <span>
         
        El Patron
      </span>
    </h3>
    <button
      className="btn"
      onClick={[Function]}
    >
      Logout
    </button>
  </div>
  <div
    className="journal__new"
    onClick={[Function]}
  >
    <i
      className="far fa-calendar-plus fa-4x"
    />
    <p
      className="mt-5"
    >
      New Entry
    </p>
  </div>
  <div
    className="journal__entries"
  />
</aside>
`;
